// Jest Snapshot v1, https://goo.gl/fbAQLP

exports[`Testing ErroeBoundary Snapshot with TestComponent 1`] = `
<div>
  "Testing"
</div>
`;
