// Jest Snapshot v1, https://goo.gl/fbAQLP

exports[`Constants Snapshot 1`] = `
Object {
  "CHANGE_SEARCH_FIELD": "CHANGE_SEARCH_FIELD",
  "REQUES_ROBOTS_FAILED": "REQUES_ROBOTS_FAILED",
  "REQUES_ROBOTS_PENDING": "REQUES_ROBOTS_PENDING",
  "REQUES_ROBOTS_SUCCESS": "REQUES_ROBOTS_SUCCESS",
}
`;
